// Jest Snapshot v1, https://goo.gl/fbAQLP

exports[`Button should renders correctly 1`] = `
<div
  className="sc-bcXHqe hGKNqF"
>
  Button text
</div>
`;
